// Jest Snapshot v1, https://goo.gl/fbAQLP

exports[`ReactCircle Should render a <Circle/> with text percentage 1`] = `
ShallowWrapper {
  "length": 1,
  Symbol(enzyme.__root__): [Circular],
  Symbol(enzyme.__unrendered__): <Circle
    bgColor="#54BAD8"
    lineWidth="30"
    percentSpacing={10}
    progress={25}
    progressColor="#F7DC1B"
    showPercentage={true}
    showPercentageSymbol={true}
    size="200"
    textColor="hotpink"
    textStyle={
      Object {
        "font": "bold 4rem Helvetica, Arial, sans-serif",
      }
    }
  />,
  Symbol(enzyme.__renderer__): Object {
    "batchedUpdates": [Function],
    "getNode": [Function],
    "render": [Function],
    "simulateEvent": [Function],
    "unmount": [Function],
  },
  Symbol(enzyme.__node__): Object {
    "instance": null,
    "key": undefined,
    "nodeType": "host",
    "props": Object {
      "children": Array [
        <circle
          cx="175"
          cy="175"
          fill="none"
          r="175"
          stroke="#54BAD8"
          strokeWidth="30"
        />,
        <circle
          cx="175"
          cy="175"
          fill="none"
          r="175"
          stroke="#F7DC1B"
          strokeDasharray="1100"
          strokeDashoffset="1100"
          strokeWidth="30"
          style={
            Object {
              "strokeDashoffset": 825,
              "transition": "stroke-dashoffset 1s ease-out",
            }
          }
          transform="rotate(-90 175 175)"
        />,
        <text
          dx="-25"
          fill="hotpink"
          style={
            Object {
              "font": "bold 4rem Helvetica, Arial, sans-serif",
            }
          }
          textAnchor="middle"
          x="50%"
          y="50%"
        >
          25
          <tspan
            dx={10}
          >
            %
          </tspan>
        </text>,
      ],
      "height": "200",
      "viewBox": "-25 -25 400 400",
      "width": "200",
    },
    "ref": null,
    "rendered": Array [
      Object {
        "instance": null,
        "key": undefined,
        "nodeType": "host",
        "props": Object {
          "cx": "175",
          "cy": "175",
          "fill": "none",
          "r": "175",
          "stroke": "#54BAD8",
          "strokeWidth": "30",
        },
        "ref": null,
        "rendered": null,
        "type": "circle",
      },
      Object {
        "instance": null,
        "key": undefined,
        "nodeType": "host",
        "props": Object {
          "cx": "175",
          "cy": "175",
          "fill": "none",
          "r": "175",
          "stroke": "#F7DC1B",
          "strokeDasharray": "1100",
          "strokeDashoffset": "1100",
          "strokeWidth": "30",
          "style": Object {
            "strokeDashoffset": 825,
            "transition": "stroke-dashoffset 1s ease-out",
          },
          "transform": "rotate(-90 175 175)",
        },
        "ref": null,
        "rendered": null,
        "type": "circle",
      },
      Object {
        "instance": null,
        "key": undefined,
        "nodeType": "host",
        "props": Object {
          "children": Array [
            25,
            <tspan
              dx={10}
            >
              %
            </tspan>,
          ],
          "dx": "-25",
          "fill": "hotpink",
          "style": Object {
            "font": "bold 4rem Helvetica, Arial, sans-serif",
          },
          "textAnchor": "middle",
          "x": "50%",
          "y": "50%",
        },
        "ref": null,
        "rendered": Array [
          25,
          Object {
            "instance": null,
            "key": undefined,
            "nodeType": "host",
            "props": Object {
              "children": "%",
              "dx": 10,
            },
            "ref": null,
            "rendered": "%",
            "type": "tspan",
          },
        ],
        "type": "text",
      },
    ],
    "type": "svg",
  },
  Symbol(enzyme.__nodes__): Array [
    Object {
      "instance": null,
      "key": undefined,
      "nodeType": "host",
      "props": Object {
        "children": Array [
          <circle
            cx="175"
            cy="175"
            fill="none"
            r="175"
            stroke="#54BAD8"
            strokeWidth="30"
          />,
          <circle
            cx="175"
            cy="175"
            fill="none"
            r="175"
            stroke="#F7DC1B"
            strokeDasharray="1100"
            strokeDashoffset="1100"
            strokeWidth="30"
            style={
              Object {
                "strokeDashoffset": 825,
                "transition": "stroke-dashoffset 1s ease-out",
              }
            }
            transform="rotate(-90 175 175)"
          />,
          <text
            dx="-25"
            fill="hotpink"
            style={
              Object {
                "font": "bold 4rem Helvetica, Arial, sans-serif",
              }
            }
            textAnchor="middle"
            x="50%"
            y="50%"
          >
            25
            <tspan
              dx={10}
            >
              %
            </tspan>
          </text>,
        ],
        "height": "200",
        "viewBox": "-25 -25 400 400",
        "width": "200",
      },
      "ref": null,
      "rendered": Array [
        Object {
          "instance": null,
          "key": undefined,
          "nodeType": "host",
          "props": Object {
            "cx": "175",
            "cy": "175",
            "fill": "none",
            "r": "175",
            "stroke": "#54BAD8",
            "strokeWidth": "30",
          },
          "ref": null,
          "rendered": null,
          "type": "circle",
        },
        Object {
          "instance": null,
          "key": undefined,
          "nodeType": "host",
          "props": Object {
            "cx": "175",
            "cy": "175",
            "fill": "none",
            "r": "175",
            "stroke": "#F7DC1B",
            "strokeDasharray": "1100",
            "strokeDashoffset": "1100",
            "strokeWidth": "30",
            "style": Object {
              "strokeDashoffset": 825,
              "transition": "stroke-dashoffset 1s ease-out",
            },
            "transform": "rotate(-90 175 175)",
          },
          "ref": null,
          "rendered": null,
          "type": "circle",
        },
        Object {
          "instance": null,
          "key": undefined,
          "nodeType": "host",
          "props": Object {
            "children": Array [
              25,
              <tspan
                dx={10}
              >
                %
              </tspan>,
            ],
            "dx": "-25",
            "fill": "hotpink",
            "style": Object {
              "font": "bold 4rem Helvetica, Arial, sans-serif",
            },
            "textAnchor": "middle",
            "x": "50%",
            "y": "50%",
          },
          "ref": null,
          "rendered": Array [
            25,
            Object {
              "instance": null,
              "key": undefined,
              "nodeType": "host",
              "props": Object {
                "children": "%",
                "dx": 10,
              },
              "ref": null,
              "rendered": "%",
              "type": "tspan",
            },
          ],
          "type": "text",
        },
      ],
      "type": "svg",
    },
  ],
  Symbol(enzyme.__options__): Object {
    "adapter": ReactSixteenAdapter {
      "options": Object {
        "enableComponentDidUpdateOnSetState": true,
      },
    },
  },
}
`;
